<?php return array (
  0 => 'Symfony\\Bundle\\FrameworkBundle\\Controller\\AbstractController',
  1 => 'Symfony\\Bundle\\FrameworkBundle\\Controller\\Controller',
  2 => 'Doctrine\\Bundle\\DoctrineBundle\\Controller\\ProfilerController',
  3 => 'Doctrine\\ORM\\Cache\\Persister\\Entity\\AbstractEntityPersister',
  4 => 'Doctrine\\ORM\\Cache\\Persister\\Entity\\CachedEntityPersister',
  5 => 'Doctrine\\ORM\\Cache\\Persister\\Entity\\NonStrictReadWriteCachedEntityPersister',
  6 => 'Doctrine\\ORM\\Cache\\Persister\\Entity\\ReadOnlyCachedEntityPersister',
  7 => 'Doctrine\\ORM\\Cache\\Persister\\Entity\\ReadWriteCachedEntityPersister',
  8 => 'Doctrine\\ORM\\Persisters\\Entity\\AbstractEntityInheritancePersister',
  9 => 'Doctrine\\ORM\\Persisters\\Entity\\BasicEntityPersister',
  10 => 'Doctrine\\ORM\\Persisters\\Entity\\CachedPersisterContext',
  11 => 'Doctrine\\ORM\\Persisters\\Entity\\EntityPersister',
  12 => 'Doctrine\\ORM\\Persisters\\Entity\\JoinedSubclassPersister',
  13 => 'Doctrine\\ORM\\Persisters\\Entity\\SingleTablePersister',
  14 => 'Eccube\\Controller\\AbstractController',
  15 => 'Eccube\\Controller\\AbstractShoppingController',
  16 => 'Eccube\\Controller\\Admin\\AbstractCsvImportController',
  17 => 'Eccube\\Controller\\Admin\\AdminController',
  18 => 'Eccube\\Controller\\Admin\\Content\\BlockController',
  19 => 'Eccube\\Controller\\Admin\\Content\\CacheController',
  20 => 'Eccube\\Controller\\Admin\\Content\\FileController',
  21 => 'Eccube\\Controller\\Admin\\Content\\LayoutController',
  22 => 'Eccube\\Controller\\Admin\\Content\\NewsController',
  23 => 'Eccube\\Controller\\Admin\\Content\\PageController',
  24 => 'Eccube\\Controller\\Admin\\Customer\\CustomerController',
  25 => 'Eccube\\Controller\\Admin\\Customer\\CustomerDeliveryEditController',
  26 => 'Eccube\\Controller\\Admin\\Customer\\CustomerEditController',
  27 => 'Eccube\\Controller\\Admin\\Order\\CsvImportController',
  28 => 'Eccube\\Controller\\Admin\\Order\\EditController',
  29 => 'Eccube\\Controller\\Admin\\Order\\MailController',
  30 => 'Eccube\\Controller\\Admin\\Order\\OrderController',
  31 => 'Eccube\\Controller\\Admin\\Order\\ShippingController',
  32 => 'Eccube\\Controller\\Admin\\Product\\CategoryController',
  33 => 'Eccube\\Controller\\Admin\\Product\\ClassCategoryController',
  34 => 'Eccube\\Controller\\Admin\\Product\\ClassNameController',
  35 => 'Eccube\\Controller\\Admin\\Product\\CsvImportController',
  36 => 'Eccube\\Controller\\Admin\\Product\\ProductClassController',
  37 => 'Eccube\\Controller\\Admin\\Product\\ProductController',
  38 => 'Eccube\\Controller\\Admin\\Product\\TagController',
  39 => 'Eccube\\Controller\\Admin\\Setting\\Shop\\CsvController',
  40 => 'Eccube\\Controller\\Admin\\Setting\\Shop\\DeliveryController',
  41 => 'Eccube\\Controller\\Admin\\Setting\\Shop\\MailController',
  42 => 'Eccube\\Controller\\Admin\\Setting\\Shop\\PaymentController',
  43 => 'Eccube\\Controller\\Admin\\Setting\\Shop\\ShopController',
  44 => 'Eccube\\Controller\\Admin\\Setting\\Shop\\TaxRuleController',
  45 => 'Eccube\\Controller\\Admin\\Setting\\System\\AuthorityController',
  46 => 'Eccube\\Controller\\Admin\\Setting\\System\\LogController',
  47 => 'Eccube\\Controller\\Admin\\Setting\\System\\MasterdataController',
  48 => 'Eccube\\Controller\\Admin\\Setting\\System\\MemberController',
  49 => 'Eccube\\Controller\\Admin\\Setting\\System\\SecurityController',
  50 => 'Eccube\\Controller\\Admin\\Setting\\System\\SystemController',
  51 => 'Eccube\\Controller\\Admin\\Store\\OwnerStoreController',
  52 => 'Eccube\\Controller\\Admin\\Store\\PluginController',
  53 => 'Eccube\\Controller\\Admin\\Store\\TemplateController',
  54 => 'Eccube\\Controller\\Block\\CartController',
  55 => 'Eccube\\Controller\\Block\\SearchProductController',
  56 => 'Eccube\\Controller\\CartController',
  57 => 'Eccube\\Controller\\ContactController',
  58 => 'Eccube\\Controller\\EntryController',
  59 => 'Eccube\\Controller\\ForgotController',
  60 => 'Eccube\\Controller\\HelpController',
  61 => 'Eccube\\Controller\\Install\\InstallController',
  62 => 'Eccube\\Controller\\Mypage\\ChangeController',
  63 => 'Eccube\\Controller\\Mypage\\DeliveryController',
  64 => 'Eccube\\Controller\\Mypage\\MypageController',
  65 => 'Eccube\\Controller\\Mypage\\WithdrawController',
  66 => 'Eccube\\Controller\\NonMemberShoppingController',
  67 => 'Eccube\\Controller\\ProductController',
  68 => 'Eccube\\Controller\\ShippingMultipleController',
  69 => 'Eccube\\Controller\\ShoppingController',
  70 => 'Eccube\\Controller\\TopController',
  71 => 'Eccube\\Controller\\UserDataController',
  72 => 'Eccube\\Entity\\AbstractEntity',
  73 => 'Eccube\\Entity\\AuthorityRole',
  74 => 'Eccube\\Entity\\BaseInfo',
  75 => 'Eccube\\Entity\\Block',
  76 => 'Eccube\\Entity\\BlockPosition',
  77 => 'Eccube\\Entity\\Cart',
  78 => 'Eccube\\Entity\\CartItem',
  79 => 'Eccube\\Entity\\Category',
  80 => 'Eccube\\Entity\\ClassCategory',
  81 => 'Eccube\\Entity\\ClassName',
  82 => 'Eccube\\Entity\\Csv',
  83 => 'Eccube\\Entity\\Customer',
  84 => 'Eccube\\Entity\\CustomerAddress',
  85 => 'Eccube\\Entity\\CustomerFavoriteProduct',
  86 => 'Eccube\\Entity\\Delivery',
  87 => 'Eccube\\Entity\\DeliveryDuration',
  88 => 'Eccube\\Entity\\DeliveryFee',
  89 => 'Eccube\\Entity\\DeliveryTime',
  90 => 'Eccube\\Entity\\ExportCsvRow',
  91 => 'Eccube\\Entity\\ItemHolderInterface',
  92 => 'Eccube\\Entity\\ItemInterface',
  93 => 'Eccube\\Entity\\Layout',
  94 => 'Eccube\\Entity\\MailHistory',
  95 => 'Eccube\\Entity\\MailTemplate',
  96 => 'Eccube\\Entity\\Master\\AbstractMasterEntity',
  97 => 'Eccube\\Entity\\Master\\Authority',
  98 => 'Eccube\\Entity\\Master\\Country',
  99 => 'Eccube\\Entity\\Master\\CsvType',
  100 => 'Eccube\\Entity\\Master\\CustomerOrderStatus',
  101 => 'Eccube\\Entity\\Master\\CustomerStatus',
  102 => 'Eccube\\Entity\\Master\\DeviceType',
  103 => 'Eccube\\Entity\\Master\\Job',
  104 => 'Eccube\\Entity\\Master\\OrderItemType',
  105 => 'Eccube\\Entity\\Master\\OrderStatus',
  106 => 'Eccube\\Entity\\Master\\OrderStatusColor',
  107 => 'Eccube\\Entity\\Master\\PageMax',
  108 => 'Eccube\\Entity\\Master\\Pref',
  109 => 'Eccube\\Entity\\Master\\ProductListMax',
  110 => 'Eccube\\Entity\\Master\\ProductListOrderBy',
  111 => 'Eccube\\Entity\\Master\\ProductStatus',
  112 => 'Eccube\\Entity\\Master\\RoundingType',
  113 => 'Eccube\\Entity\\Master\\SaleType',
  114 => 'Eccube\\Entity\\Master\\Sex',
  115 => 'Eccube\\Entity\\Master\\TaxDisplayType',
  116 => 'Eccube\\Entity\\Master\\TaxType',
  117 => 'Eccube\\Entity\\Master\\Work',
  118 => 'Eccube\\Entity\\Member',
  119 => 'Eccube\\Entity\\NameTrait',
  120 => 'Eccube\\Entity\\News',
  121 => 'Eccube\\Entity\\Order',
  122 => 'Eccube\\Entity\\OrderItem',
  123 => 'Eccube\\Entity\\OrderPdf',
  124 => 'Eccube\\Entity\\Page',
  125 => 'Eccube\\Entity\\PageLayout',
  126 => 'Eccube\\Entity\\Payment',
  127 => 'Eccube\\Entity\\PaymentOption',
  128 => 'Eccube\\Entity\\Plugin',
  129 => 'Eccube\\Entity\\PointRateTrait',
  130 => 'Eccube\\Entity\\PointTrait',
  131 => 'Eccube\\Entity\\Product',
  132 => 'Eccube\\Entity\\ProductCategory',
  133 => 'Eccube\\Entity\\ProductClass',
  134 => 'Eccube\\Entity\\ProductImage',
  135 => 'Eccube\\Entity\\ProductStock',
  136 => 'Eccube\\Entity\\ProductTag',
  137 => 'Eccube\\Entity\\PurchaseInterface',
  138 => 'Eccube\\Entity\\Shipping',
  139 => 'Eccube\\Entity\\Tag',
  140 => 'Eccube\\Entity\\TaxRule',
  141 => 'Eccube\\Entity\\Template',
  142 => 'JsonSchema\\Entity\\JsonPointer',
  143 => 'Plugin\\AnnotatedRouting\\Controller\\AnnotatedRoutingController',
  144 => 'Plugin\\EntityExtension\\Entity\\CustomerSortNoTrait',
  145 => 'Plugin\\EntityForm\\Entity\\ProductUrlTrait',
  146 => 'Plugin\\HogePlugin\\Controller\\IndexController',
  149 => 'Symfony\\Bundle\\FrameworkBundle\\Controller\\ControllerNameParser',
  150 => 'Symfony\\Bundle\\FrameworkBundle\\Controller\\ControllerResolver',
  151 => 'Symfony\\Bundle\\FrameworkBundle\\Controller\\ControllerTrait',
  152 => 'Symfony\\Bundle\\FrameworkBundle\\Controller\\RedirectController',
  153 => 'Symfony\\Bundle\\FrameworkBundle\\Controller\\TemplateController',
  154 => 'Symfony\\Bundle\\TwigBundle\\Controller\\ExceptionController',
  155 => 'Symfony\\Bundle\\TwigBundle\\Controller\\PreviewErrorController',
  156 => 'Symfony\\Bundle\\WebProfilerBundle\\Controller\\ExceptionController',
  157 => 'Symfony\\Bundle\\WebProfilerBundle\\Controller\\ProfilerController',
  158 => 'Symfony\\Bundle\\WebProfilerBundle\\Controller\\RouterController',
  159 => 'Symfony\\Component\\HttpKernel\\Controller\\ArgumentResolver',
  160 => 'Symfony\\Component\\HttpKernel\\Controller\\ArgumentResolverInterface',
  161 => 'Symfony\\Component\\HttpKernel\\Controller\\ArgumentResolver\\DefaultValueResolver',
  162 => 'Symfony\\Component\\HttpKernel\\Controller\\ArgumentResolver\\RequestAttributeValueResolver',
  163 => 'Symfony\\Component\\HttpKernel\\Controller\\ArgumentResolver\\RequestValueResolver',
  164 => 'Symfony\\Component\\HttpKernel\\Controller\\ArgumentResolver\\ServiceValueResolver',
  165 => 'Symfony\\Component\\HttpKernel\\Controller\\ArgumentResolver\\SessionValueResolver',
  166 => 'Symfony\\Component\\HttpKernel\\Controller\\ArgumentResolver\\VariadicValueResolver',
  167 => 'Symfony\\Component\\HttpKernel\\Controller\\ArgumentValueResolverInterface',
  168 => 'Symfony\\Component\\HttpKernel\\Controller\\ContainerControllerResolver',
  169 => 'Symfony\\Component\\HttpKernel\\Controller\\ControllerReference',
  170 => 'Symfony\\Component\\HttpKernel\\Controller\\ControllerResolver',
  171 => 'Symfony\\Component\\HttpKernel\\Controller\\ControllerResolverInterface',
  172 => 'Symfony\\Component\\HttpKernel\\Controller\\TraceableArgumentResolver',
  173 => 'Symfony\\Component\\HttpKernel\\Controller\\TraceableControllerResolver',
);